// Jest Snapshot v1, https://goo.gl/fbAQLP

exports[`src/pages/quiz/index.tsx displaying 'Wrong link or quiz has been deleted!' when error message is 'Quiz not found!' 1`] = `
<div>
  <div
    class="MuiPaper-root MuiPaper-elevation MuiPaper-rounded MuiPaper-elevation1 MuiCard-root makeStyles-root-3 css-4nwtfp-MuiPaper-root-MuiCard-root"
  >
    <div
      class="MuiCardContent-root makeStyles-cardContent-4 css-46bh2p-MuiCardContent-root"
    >
      <div
        class="MuiTypography-root MuiTypography-h5 css-c5bhyc-MuiTypography-root"
      >
        Quiz not found!
      </div>
      <div
        class="MuiTypography-root MuiTypography-body1 css-jqqqr0-MuiTypography-root"
      >
        Wrong link or quiz has been deleted!
      </div>
    </div>
  </div>
</div>
`;
