// Jest Snapshot v1, https://goo.gl/fbAQLP

exports[`src/pages/quiz/quiz-intro.tsx Render QuizIntro component 1`] = `
<div>
  <div
    class="makeStyles-ligthBulbBackground-2"
  >
    <img
      alt="light-bulb-image"
      class="makeStyles-ligthBulbImage-1"
      data-testid="light-bulb-image"
      src="quiz-light-bulb.png"
    />
  </div>
  <p
    class="MuiTypography-root MuiTypography-body1 css-ig1lqu-MuiTypography-root"
    data-testid="quiz-description"
  >
    Description test
  </p>
  <button
    class="MuiButton-root MuiButton-contained MuiButton-containedPrimary MuiButton-sizeMedium MuiButton-containedSizeMedium MuiButtonBase-root makeStyles-button-3 css-kygxw5-MuiButtonBase-root-MuiButton-root"
    tabindex="0"
    type="button"
  >
    Start Quiz
    <span
      class="MuiTouchRipple-root css-8je8zh-MuiTouchRipple-root"
    />
  </button>
</div>
`;
