// Jest Snapshot v1, https://goo.gl/fbAQLP

exports[`src/entry/app.tsx Render App component 1`] = `
<div>
  <div
    class="MuiContainer-root MuiContainer-maxWidthLg css-1oqqzyl-MuiContainer-root"
  >
    <div
      class="MuiBox-root css-1rcbgiz"
    >
      <header
        class="MuiPaper-root MuiPaper-elevation MuiPaper-elevation0 MuiAppBar-root MuiAppBar-colorTransparent MuiAppBar-positionStatic css-c0kq1a-MuiPaper-root-MuiAppBar-root"
      >
        <div
          class="MuiToolbar-root MuiToolbar-gutters MuiToolbar-regular makeStyles-toolbar-1 css-1t29gy6-MuiToolbar-root"
        >
          <div
            class="MuiTypography-root MuiTypography-h4 css-eydqpw-MuiTypography-root"
          >
            <a
              aria-current="page"
              class="active"
              href="/"
              style="text-decoration: none;"
            >
              QuizMaker
            </a>
          </div>
          <div
            class="MuiFormGroup-root css-dmmspl-MuiFormGroup-root"
          >
            <label
              class="MuiFormControlLabel-root MuiFormControlLabel-labelPlacementEnd css-j204z7-MuiFormControlLabel-root"
            >
              <span
                class="MuiSwitch-root MuiSwitch-sizeMedium css-julti5-MuiSwitch-root"
              >
                <span
                  class="MuiSwitch-switchBase MuiSwitch-colorPrimary MuiButtonBase-root MuiSwitch-switchBase MuiSwitch-colorPrimary PrivateSwitchBase-root css-x7opdv-MuiButtonBase-root-MuiSwitch-switchBase"
                >
                  <input
                    class="MuiSwitch-input PrivateSwitchBase-input css-1m9pwf3"
                    type="checkbox"
                  />
                  <span
                    class="MuiSwitch-thumb css-jsexje-MuiSwitch-thumb"
                  />
                  <span
                    class="MuiTouchRipple-root css-8je8zh-MuiTouchRipple-root"
                  />
                </span>
                <span
                  class="MuiSwitch-track css-1yjjitx-MuiSwitch-track"
                />
              </span>
              <span
                class="MuiTypography-root MuiTypography-body1 MuiFormControlLabel-label css-jqqqr0-MuiTypography-root"
              >
                ðŸŒ™
              </span>
            </label>
          </div>
        </div>
      </header>
    </div>
    <div
      class="makeStyles-box-3 MuiBox-root css-0"
    >
      <span
        class="MuiCircularProgress-root MuiCircularProgress-indeterminate MuiCircularProgress-colorPrimary makeStyles-root-2 css-rmd5o9-MuiCircularProgress-root"
        role="progressbar"
        style="width: 50px; height: 50px;"
      >
        <svg
          class="MuiCircularProgress-svg css-1idz92c-MuiCircularProgress-svg"
          viewBox="22 22 44 44"
        >
          <circle
            class="MuiCircularProgress-circle MuiCircularProgress-circleIndeterminate css-176wh8e-MuiCircularProgress-circle"
            cx="44"
            cy="44"
            fill="none"
            r="20.2"
            stroke-width="3.6"
          />
        </svg>
      </span>
    </div>
    <div
      class="MuiBox-root css-1swgbew"
    >
      <div
        class="MuiTypography-root MuiTypography-body1 css-2jfkze-MuiTypography-root"
      >
        Â© 
        2022
         TARIQ LAMIN GUESRI. ALL RIGHTS RESERVED.
      </div>
    </div>
  </div>
</div>
`;
