// Jest Snapshot v1, https://goo.gl/fbAQLP

exports[`src/components/cards/card-box/index.tsx Render CardBox component 1`] = `
<div>
  <div
    class="MuiPaper-root MuiPaper-elevation MuiPaper-rounded MuiPaper-elevation1 MuiCard-root makeStyles-root-1 css-4nwtfp-MuiPaper-root-MuiCard-root"
  >
    <div
      class="MuiCardContent-root makeStyles-cardContent-2 css-46bh2p-MuiCardContent-root"
    >
      Test
    </div>
  </div>
</div>
`;
